------------------------------------------------------------
TimeQuest Timing Analyzer Summary
------------------------------------------------------------

Type  : Slow Model Setup 'clk'
Slack : -4.777
TNS   : -307.925

Type  : Slow Model Setup 'control_block:ctr|y_present.OPR2'
Slack : -3.611
TNS   : -27.489

Type  : Slow Model Setup 'control_block:ctr|y_present.search'
Slack : -3.390
TNS   : -26.832

Type  : Slow Model Setup 'control_block:ctr|y_present.OPR'
Slack : -3.374
TNS   : -26.298

Type  : Slow Model Hold 'clk'
Slack : -2.263
TNS   : -21.911

Type  : Slow Model Hold 'control_block:ctr|y_present.OPR'
Slack : 3.982
TNS   : 0.000

Type  : Slow Model Hold 'control_block:ctr|y_present.search'
Slack : 4.099
TNS   : 0.000

Type  : Slow Model Hold 'control_block:ctr|y_present.OPR2'
Slack : 4.130
TNS   : 0.000

Type  : Slow Model Minimum Pulse Width 'clk'
Slack : -2.000
TNS   : -266.380

Type  : Slow Model Minimum Pulse Width 'control_block:ctr|y_present.OPR'
Slack : -0.500
TNS   : -8.000

Type  : Slow Model Minimum Pulse Width 'control_block:ctr|y_present.OPR2'
Slack : -0.500
TNS   : -8.000

Type  : Slow Model Minimum Pulse Width 'control_block:ctr|y_present.search'
Slack : -0.500
TNS   : -8.000

Type  : Fast Model Setup 'clk'
Slack : -2.217
TNS   : -122.590

Type  : Fast Model Setup 'control_block:ctr|y_present.OPR2'
Slack : -1.797
TNS   : -13.784

Type  : Fast Model Setup 'control_block:ctr|y_present.search'
Slack : -1.718
TNS   : -13.478

Type  : Fast Model Setup 'control_block:ctr|y_present.OPR'
Slack : -1.695
TNS   : -13.173

Type  : Fast Model Hold 'clk'
Slack : -1.473
TNS   : -33.938

Type  : Fast Model Hold 'control_block:ctr|y_present.OPR'
Slack : 2.494
TNS   : 0.000

Type  : Fast Model Hold 'control_block:ctr|y_present.search'
Slack : 2.548
TNS   : 0.000

Type  : Fast Model Hold 'control_block:ctr|y_present.OPR2'
Slack : 2.565
TNS   : 0.000

Type  : Fast Model Minimum Pulse Width 'clk'
Slack : -2.000
TNS   : -266.380

Type  : Fast Model Minimum Pulse Width 'control_block:ctr|y_present.OPR'
Slack : -0.500
TNS   : -8.000

Type  : Fast Model Minimum Pulse Width 'control_block:ctr|y_present.OPR2'
Slack : -0.500
TNS   : -8.000

Type  : Fast Model Minimum Pulse Width 'control_block:ctr|y_present.search'
Slack : -0.500
TNS   : -8.000

------------------------------------------------------------
