------------------------------------------------------------
TimeQuest Timing Analyzer Summary
------------------------------------------------------------

Type  : Slow Model Setup 'circuito:ci|y_present.B'
Slack : -6.563
TNS   : -29.121

Type  : Slow Model Setup 'CLK_Div:div|ax'
Slack : -4.233
TNS   : -48.651

Type  : Slow Model Setup 'circuito:ci|y_present.ppp'
Slack : -0.092
TNS   : -0.173

Type  : Slow Model Setup 'clkM'
Slack : -0.071
TNS   : -0.139

Type  : Slow Model Hold 'clkM'
Slack : -2.619
TNS   : -2.619

Type  : Slow Model Hold 'circuito:ci|y_present.B'
Slack : -1.885
TNS   : -5.179

Type  : Slow Model Hold 'CLK_Div:div|ax'
Slack : -0.797
TNS   : -2.284

Type  : Slow Model Hold 'circuito:ci|y_present.ppp'
Slack : 0.391
TNS   : 0.000

Type  : Slow Model Recovery 'circuito:ci|y_present.ppp'
Slack : -2.020
TNS   : -8.080

Type  : Slow Model Removal 'circuito:ci|y_present.ppp'
Slack : 2.790
TNS   : 0.000

Type  : Slow Model Minimum Pulse Width 'CLK_Div:div|ax'
Slack : -1.423
TNS   : -65.922

Type  : Slow Model Minimum Pulse Width 'clkM'
Slack : -1.380
TNS   : -5.380

Type  : Slow Model Minimum Pulse Width 'circuito:ci|y_present.ppp'
Slack : -0.500
TNS   : -4.000

Type  : Slow Model Minimum Pulse Width 'circuito:ci|y_present.B'
Slack : 0.500
TNS   : 0.000

Type  : Fast Model Setup 'circuito:ci|y_present.B'
Slack : -3.058
TNS   : -12.685

Type  : Fast Model Setup 'CLK_Div:div|ax'
Slack : -1.974
TNS   : -19.570

Type  : Fast Model Setup 'circuito:ci|y_present.ppp'
Slack : 0.488
TNS   : 0.000

Type  : Fast Model Setup 'clkM'
Slack : 0.506
TNS   : 0.000

Type  : Fast Model Hold 'clkM'
Slack : -1.635
TNS   : -1.635

Type  : Fast Model Hold 'circuito:ci|y_present.B'
Slack : -1.184
TNS   : -3.657

Type  : Fast Model Hold 'CLK_Div:div|ax'
Slack : -0.685
TNS   : -1.994

Type  : Fast Model Hold 'circuito:ci|y_present.ppp'
Slack : 0.215
TNS   : 0.000

Type  : Fast Model Recovery 'circuito:ci|y_present.ppp'
Slack : -0.812
TNS   : -3.248

Type  : Fast Model Removal 'circuito:ci|y_present.ppp'
Slack : 1.692
TNS   : 0.000

Type  : Fast Model Minimum Pulse Width 'CLK_Div:div|ax'
Slack : -1.423
TNS   : -65.922

Type  : Fast Model Minimum Pulse Width 'clkM'
Slack : -1.380
TNS   : -5.380

Type  : Fast Model Minimum Pulse Width 'circuito:ci|y_present.ppp'
Slack : -0.500
TNS   : -4.000

Type  : Fast Model Minimum Pulse Width 'circuito:ci|y_present.B'
Slack : 0.500
TNS   : 0.000

------------------------------------------------------------
